I'm sorry, but errors were detected in your script. Please correct the
errors listed below, and try again.


File "game/script.rpy", line 38: end of line expected.
    key "a" action ShowMenu("_action_editor")
            ^

Ren'Py Version: Ren'Py 7.1.3.1092
Mon Dec 24 23:23:15 2018
